MO Selector NULL Selector.vf vlg5D/_selector.bin 1455833490
MO grade NULL grade.v vlg73/grade.bin 1455833490
MO M4_1E_MXILINX_TopLevel NULL TopLevel.vf vlg50/_m4__1_e___m_x_i_l_i_n_x___top_level.bin 1455833490
MO M2_1_MXILINX_twocompliment NULL twocompliment.vf vlg60/_m2__1___m_x_i_l_i_n_x__twocompliment.bin 1455833490
MO ff5 NULL ff5.vf vlg29/ff5.bin 1455833490
MO M2_1_MXILINX_TopLevel NULL TopLevel.vf vlg49/_m2__1___m_x_i_l_i_n_x___top_level.bin 1455833490
MO CB8CLED_MXILINX_TopLevel NULL TopLevel.vf vlg17/_c_b8_c_l_e_d___m_x_i_l_i_n_x___top_level.bin 1455833490
MO M2_1_MXILINX_negsign NULL negsign.vf vlg05/_m2__1___m_x_i_l_i_n_x__negsign.bin 1455833490
MO M2_1E_MXILINX_Selector NULL Selector.vf vlg28/_m2__1_e___m_x_i_l_i_n_x___selector.bin 1455833490
MO FTRSE_MXILINX_TopLevel NULL TopLevel.vf vlg76/_f_t_r_s_e___m_x_i_l_i_n_x___top_level.bin 1455833490
MO negsign_MUSER_TopLevel NULL TopLevel.vf vlg18/negsign___m_u_s_e_r___top_level.bin 1455833490
MO hex7seg NULL hex7seg.v vlg7F/hex7seg.bin 1455833490
MO CB8RE_MXILINX_TopLevel NULL TopLevel.vf vlg1A/_c_b8_r_e___m_x_i_l_i_n_x___top_level.bin 1455833490
MO gradeconverter NULL gradeconverter.v vlg2F/gradeconverter.bin 1455833490
MO TopLevel NULL TopLevel.vf vlg23/_top_level.bin 1455833490
MO CB4CE_MXILINX_slow_clk5 NULL slowclk5.v vlg33/_c_b4_c_e___m_x_i_l_i_n_x__slow__clk5.bin 1455833490
MO slowclk5 NULL slowclk5.v vlg34/slowclk5.bin 1455833490
MO M4_1E_MXILINX_Selector NULL Selector.vf vlg0A/_m4__1_e___m_x_i_l_i_n_x___selector.bin 1455833490
MO negsign NULL negsign.vf vlg17/negsign.bin 1455833490
MO Selector_MUSER_TopLevel NULL TopLevel.vf vlg26/_selector___m_u_s_e_r___top_level.bin 1455833490
MO statemachine NULL statemachine.v vlg46/statemachine.bin 1455833490
MO M2_1E_MXILINX_TopLevel NULL TopLevel.vf vlg6E/_m2__1_e___m_x_i_l_i_n_x___top_level.bin 1455833490
MO ADD8_MXILINX_twocompliment NULL twocompliment.vf vlg76/_a_d_d8___m_x_i_l_i_n_x__twocompliment.bin 1455833490
MO ringcounter NULL ringcounter.vf vlg28/ringcounter.bin 1455833490
MO ringcounter_MUSER_TopLevel NULL TopLevel.vf vlg75/ringcounter___m_u_s_e_r___top_level.bin 1455833490
MO ADD8_MXILINX_TopLevel NULL TopLevel.vf vlg47/_a_d_d8___m_x_i_l_i_n_x___top_level.bin 1455833490
MO twocompliment_MUSER_TopLevel NULL TopLevel.vf vlg07/twocompliment___m_u_s_e_r___top_level.bin 1455833490
MO FTCE_MXILINX_slow_clk5 NULL slowclk5.v vlg0C/_f_t_c_e___m_x_i_l_i_n_x__slow__clk5.bin 1455833490
MO M2_1B1_MXILINX_TopLevel NULL TopLevel.vf vlg38/_m2__1_b1___m_x_i_l_i_n_x___top_level.bin 1455833490
MO FTCLEX_MXILINX_TopLevel NULL TopLevel.vf vlg64/_f_t_c_l_e_x___m_x_i_l_i_n_x___top_level.bin 1455833490
MO twocompliment NULL twocompliment.vf vlg02/twocompliment.bin 1455833490
MO ff5_MUSER_TopLevel NULL TopLevel.vf vlg02/ff5___m_u_s_e_r___top_level.bin 1455833490
